"t [min]";"Time";"Money in savings account";"Subscribers in the list (1 interaction)";"Software completion [hours spent]";"Software completion [%]";"Ready for transition? [yes/no]";
"86400";"0000-01-02 00:00";"0.0";"0.0";"0.0";"0.0";"no";
"172800";"0000-01-03 00:00";"0.0";"0.0";"0.0";"0.0";"no";
"259200";"0000-01-04 00:00";"0.0";"0.0";"0.0";"0.0";"no";
"345600";"0000-01-05 00:00";"0.0";"0.0";"0.0";"0.0";"no";
"432000";"0000-01-06 00:00";"0.0";"0.0";"0.0";"0.0";"no";
"518400";"0000-01-07 00:00";"0.0";"0.0";"0.0";"0.0";"no";
"604800";"0000-01-08 00:00";"0.0";"0.0";"0.0";"0.0";"no";
"691200";"0000-01-09 00:00";"0.0";"0.0";"0.0";"0.0";"no";
"777600";"0000-01-10 00:00";"0.0";"0.0";"0.0";"0.0";"no";
"864000";"0000-01-11 00:00";"0.0";"0.0";"0.0";"0.0";"no";
"950400";"0000-01-12 00:00";"0.0";"0.0";"0.0";"0.0";"no";
"1036800";"0000-01-13 00:00";"0.0";"0.0";"0.0";"0.0";"no";
"1123200";"0000-01-14 00:00";"0.0";"0.0";"0.0";"0.0";"no";
"1209600";"0000-01-15 00:00";"0.0";"0.0";"0.0";"0.0";"no";
"1296000";"0000-01-16 00:00";"0.0";"0.0";"0.0";"0.0";"no";
"1382400";"0000-01-17 00:00";"0.0";"0.0";"0.0";"0.0";"no";
"1468800";"0000-01-18 00:00";"0.0";"0.0";"0.0";"0.0";"no";
"1555200";"0000-01-19 00:00";"0.0";"0.0";"0.0";"0.0";"no";
"1641600";"0000-01-20 00:00";"0.0";"0.0";"0.0";"0.0";"no";
"1728000";"0000-01-21 00:00";"0.0";"0.0";"0.0";"0.0";"no";
"1814400";"0000-01-22 00:00";"0.0";"0.0";"0.0";"0.0";"no";
"1900800";"0000-01-23 00:00";"0.0";"0.0";"0.0";"0.0";"no";
"1987200";"0000-01-24 00:00";"0.0";"0.0";"0.0";"0.0";"no";
"2073600";"0000-01-25 00:00";"0.0";"0.0";"0.0";"0.0";"no";
"2160000";"0000-01-26 00:00";"0.0";"0.0";"0.0";"0.0";"no";
"2246400";"0000-01-27 00:00";"0.0";"0.0";"0.0";"0.0";"no";
"2332800";"0000-01-28 00:00";"0.0";"0.0";"0.0";"0.0";"no";
"2419200";"0000-01-29 00:00";"0.0";"0.0";"0.0";"0.0";"no";
"2505600";"0000-01-30 00:00";"0.0";"0.0";"0.0";"0.0";"no";
"2592000";"0000-01-31 00:00";"0.0";"0.0";"0.0";"0.0";"no";
"2678400";"0000-02-01 00:00";"500.0";"0.0";"0.0";"0.0";"no";
"2764800";"0000-02-02 00:00";"500.0";"0.0";"0.0";"0.0";"no";
"2851200";"0000-02-03 00:00";"500.0";"0.0";"0.0";"0.0";"no";
"2937600";"0000-02-04 00:00";"500.0";"0.0";"0.0";"0.0";"no";
"3024000";"0000-02-05 00:00";"500.0";"0.0";"0.0";"0.0";"no";
"3110400";"0000-02-06 00:00";"500.0";"0.0";"0.0";"0.0";"no";
"3196800";"0000-02-07 00:00";"500.0";"0.0";"0.0";"0.0";"no";
"3283200";"0000-02-08 00:00";"500.0";"0.0";"0.0";"0.0";"no";
"3369600";"0000-02-09 00:00";"500.0";"0.0";"0.0";"0.0";"no";
"3456000";"0000-02-10 00:00";"500.0";"0.0";"0.0";"0.0";"no";
"3542400";"0000-02-11 00:00";"500.0";"0.0";"0.0";"0.0";"no";
"3628800";"0000-02-12 00:00";"500.0";"0.0";"0.0";"0.0";"no";
"3715200";"0000-02-13 00:00";"500.0";"0.0";"0.0";"0.0";"no";
"3801600";"0000-02-14 00:00";"500.0";"0.0";"0.0";"0.0";"no";
"3888000";"0000-02-15 00:00";"500.0";"0.0";"0.0";"0.0";"no";
"3974400";"0000-02-16 00:00";"500.0";"0.0";"0.0";"0.0";"no";
"4060800";"0000-02-17 00:00";"500.0";"0.0";"0.0";"0.0";"no";
"4147200";"0000-02-18 00:00";"500.0";"0.0";"0.0";"0.0";"no";
"4233600";"0000-02-19 00:00";"500.0";"0.0";"0.0";"0.0";"no";
"4320000";"0000-02-20 00:00";"500.0";"0.0";"0.0";"0.0";"no";
"4406400";"0000-02-21 00:00";"500.0";"0.0";"0.0";"0.0";"no";
"4492800";"0000-02-22 00:00";"500.0";"0.0";"0.0";"0.0";"no";
"4579200";"0000-02-23 00:00";"500.0";"0.0";"0.0";"0.0";"no";
"4665600";"0000-02-24 00:00";"500.0";"0.0";"0.0";"0.0";"no";
"4752000";"0000-02-25 00:00";"500.0";"0.0";"0.0";"0.0";"no";
"4838400";"0000-02-26 00:00";"500.0";"0.0";"0.0";"0.0";"no";
"4924800";"0000-02-27 00:00";"500.0";"0.0";"0.0";"0.0";"no";
"5011200";"0000-02-28 00:00";"500.0";"0.0";"0.0";"0.0";"no";
"5097600";"0000-02-29 00:00";"500.0";"0.0";"0.0";"0.0";"no";
"5184000";"0000-03-01 00:00";"1000.0";"0.0";"0.0";"0.0";"no";
"5270400";"0000-03-02 00:00";"1000.0";"0.0";"0.0";"0.0";"no";
"5356800";"0000-03-03 00:00";"1000.0";"0.0";"0.0";"0.0";"no";
"5443200";"0000-03-04 00:00";"1000.0";"0.0";"0.0";"0.0";"no";
"5529600";"0000-03-05 00:00";"1000.0";"0.0";"0.0";"0.0";"no";
"5616000";"0000-03-06 00:00";"1000.0";"0.0";"0.0";"0.0";"no";
"5702400";"0000-03-07 00:00";"1000.0";"0.0";"0.0";"0.0";"no";
"5788800";"0000-03-08 00:00";"1000.0";"0.0";"0.0";"0.0";"no";
"5875200";"0000-03-09 00:00";"1000.0";"0.0";"0.0";"0.0";"no";
"5961600";"0000-03-10 00:00";"1000.0";"0.0";"0.0";"0.0";"no";
"6048000";"0000-03-11 00:00";"1000.0";"0.0";"0.0";"0.0";"no";
"6134400";"0000-03-12 00:00";"1000.0";"0.0";"0.0";"0.0";"no";
"6220800";"0000-03-13 00:00";"1000.0";"0.0";"0.0";"0.0";"no";
"6307200";"0000-03-14 00:00";"1000.0";"0.0";"0.0";"0.0";"no";
"6393600";"0000-03-15 00:00";"1000.0";"0.0";"0.0";"0.0";"no";
"6480000";"0000-03-16 00:00";"1000.0";"0.0";"0.0";"0.0";"no";
"6566400";"0000-03-17 00:00";"1000.0";"0.0";"0.0";"0.0";"no";
"6652800";"0000-03-18 00:00";"1000.0";"0.0";"0.0";"0.0";"no";
"6739200";"0000-03-19 00:00";"1000.0";"0.0";"0.0";"0.0";"no";
"6825600";"0000-03-20 00:00";"1000.0";"0.0";"0.0";"0.0";"no";
"6912000";"0000-03-21 00:00";"1000.0";"0.0";"0.0";"0.0";"no";
"6998400";"0000-03-22 00:00";"1000.0";"0.0";"0.0";"0.0";"no";
"7084800";"0000-03-23 00:00";"1000.0";"0.0";"0.0";"0.0";"no";
"7171200";"0000-03-24 00:00";"1000.0";"0.0";"0.0";"0.0";"no";
"7257600";"0000-03-25 00:00";"1000.0";"0.0";"0.0";"0.0";"no";
"7344000";"0000-03-26 00:00";"1000.0";"0.0";"0.0";"0.0";"no";
"7430400";"0000-03-27 00:00";"1000.0";"0.0";"0.0";"0.0";"no";
"7516800";"0000-03-28 00:00";"1000.0";"0.0";"0.0";"0.0";"no";
"7603200";"0000-03-29 00:00";"1000.0";"0.0";"0.0";"0.0";"no";
"7689600";"0000-03-30 00:00";"1000.0";"0.0";"0.0";"0.0";"no";
"7776000";"0000-03-31 00:00";"1000.0";"0.0";"0.0";"0.0";"no";
"7862400";"0000-04-01 00:00";"1000.0";"0.0";"0.0";"0.0";"no";
"7948800";"0000-04-02 00:00";"1000.0";"0.0";"0.0";"0.0";"no";
"8035200";"0000-04-03 00:00";"1000.0";"0.0";"0.0";"0.0";"no";
"8121600";"0000-04-04 00:00";"1000.0";"0.0";"0.0";"0.0";"no";
"8208000";"0000-04-05 00:00";"1000.0";"0.0";"0.0";"0.0";"no";
"8294400";"0000-04-06 00:00";"1000.0";"0.0";"0.0";"0.0";"no";
"8380800";"0000-04-07 00:00";"1000.0";"0.0";"0.0";"0.0";"no";
"8467200";"0000-04-08 00:00";"1000.0";"0.0";"0.0";"0.0";"no";
"8553600";"0000-04-09 00:00";"1000.0";"0.0";"0.0";"0.0";"no";
"8640000";"0000-04-10 00:00";"1000.0";"0.0";"0.0";"0.0";"no";
"8726400";"0000-04-11 00:00";"1000.0";"0.0";"0.0";"0.0";"no";
"8812800";"0000-04-12 00:00";"1000.0";"0.0";"0.0";"0.0";"no";
"8899200";"0000-04-13 00:00";"1000.0";"0.0";"0.0";"0.0";"no";
"8985600";"0000-04-14 00:00";"1000.0";"0.0";"0.0";"0.0";"no";
"9072000";"0000-04-15 00:00";"1000.0";"0.0";"0.0";"0.0";"no";
"9158400";"0000-04-16 00:00";"1000.0";"0.0";"0.0";"0.0";"no";
"9244800";"0000-04-17 00:00";"1000.0";"0.0";"0.0";"0.0";"no";
"9331200";"0000-04-18 00:00";"1000.0";"0.0";"0.0";"0.0";"no";
"9417600";"0000-04-19 00:00";"1000.0";"0.0";"0.0";"0.0";"no";
"9504000";"0000-04-20 00:00";"1000.0";"0.0";"0.0";"0.0";"no";
"9590400";"0000-04-21 00:00";"1000.0";"0.0";"0.0";"0.0";"no";
"9676800";"0000-04-22 00:00";"1000.0";"0.0";"0.0";"0.0";"no";
"9763200";"0000-04-23 00:00";"1000.0";"0.0";"0.0";"0.0";"no";
"9849600";"0000-04-24 00:00";"1000.0";"0.0";"0.0";"0.0";"no";
"9936000";"0000-04-25 00:00";"1000.0";"0.0";"0.0";"0.0";"no";
"10022400";"0000-04-26 00:00";"1000.0";"0.0";"0.0";"0.0";"no";
"10108800";"0000-04-27 00:00";"1000.0";"0.0";"0.0";"0.0";"no";
"10195200";"0000-04-28 00:00";"1000.0";"0.0";"0.0";"0.0";"no";
"10281600";"0000-04-29 00:00";"1000.0";"0.0";"0.0";"0.0";"no";
"10368000";"0000-04-30 00:00";"1000.0";"0.0";"0.0";"0.0";"no";
"10454400";"0000-05-01 00:00";"1000.0";"0.0";"0.0";"0.0";"no";
"10540800";"0000-05-02 00:00";"1000.0";"0.0";"0.0";"0.0";"no";
"10627200";"0000-05-03 00:00";"1000.0";"0.0";"0.0";"0.0";"no";
"10713600";"0000-05-04 00:00";"1000.0";"0.0";"0.0";"0.0";"no";
"10800000";"0000-05-05 00:00";"1000.0";"0.0";"0.0";"0.0";"no";
"10886400";"0000-05-06 00:00";"1000.0";"0.0";"0.0";"0.0";"no";
"10972800";"0000-05-07 00:00";"1000.0";"0.0";"0.0";"0.0";"no";
"11059200";"0000-05-08 00:00";"1000.0";"0.0";"0.0";"0.0";"no";
"11145600";"0000-05-09 00:00";"1000.0";"0.0";"0.0";"0.0";"no";
"11232000";"0000-05-10 00:00";"1000.0";"0.0";"0.0";"0.0";"no";
"11318400";"0000-05-11 00:00";"1000.0";"0.0";"0.0";"0.0";"no";
"11404800";"0000-05-12 00:00";"1000.0";"0.0";"0.0";"0.0";"no";
"11491200";"0000-05-13 00:00";"1000.0";"0.0";"0.0";"0.0";"no";
"11577600";"0000-05-14 00:00";"1000.0";"0.0";"0.0";"0.0";"no";
"11664000";"0000-05-15 00:00";"1000.0";"0.0";"0.0";"0.0";"no";
"11750400";"0000-05-16 00:00";"1000.0";"0.0";"0.0";"0.0";"no";
"11836800";"0000-05-17 00:00";"1000.0";"0.0";"0.0";"0.0";"no";
"11923200";"0000-05-18 00:00";"1000.0";"0.0";"0.0";"0.0";"no";
"12009600";"0000-05-19 00:00";"1000.0";"0.0";"0.0";"0.0";"no";
"12096000";"0000-05-20 00:00";"1000.0";"0.0";"0.0";"0.0";"no";
"12182400";"0000-05-21 00:00";"1000.0";"0.0";"0.0";"0.0";"no";
"12268800";"0000-05-22 00:00";"1000.0";"0.0";"0.0";"0.0";"no";
"12355200";"0000-05-23 00:00";"1000.0";"0.0";"0.0";"0.0";"no";
"12441600";"0000-05-24 00:00";"1000.0";"0.0";"0.0";"0.0";"no";
"12528000";"0000-05-25 00:00";"1000.0";"0.0";"0.0";"0.0";"no";
"12614400";"0000-05-26 00:00";"1000.0";"0.0";"0.0";"0.0";"no";
"12700800";"0000-05-27 00:00";"1000.0";"0.0";"0.0";"0.0";"no";
"12787200";"0000-05-28 00:00";"1000.0";"0.0";"0.0";"0.0";"no";
"12873600";"0000-05-29 00:00";"1000.0";"0.0";"0.0";"0.0";"no";
"12960000";"0000-05-30 00:00";"1000.0";"0.0";"0.0";"0.0";"no";
"13046400";"0000-05-31 00:00";"1000.0";"0.0";"0.0";"0.0";"no";
"13132800";"0000-06-01 00:00";"1000.0";"0.0";"0.0";"0.0";"no";
"13219200";"0000-06-02 00:00";"1000.0";"0.0";"0.0";"0.0";"no";
"13305600";"0000-06-03 00:00";"1000.0";"0.0";"0.0";"0.0";"no";
"13392000";"0000-06-04 00:00";"1000.0";"0.0";"0.0";"0.0";"no";
"13478400";"0000-06-05 00:00";"1000.0";"0.0";"0.0";"0.0";"no";
"13564800";"0000-06-06 00:00";"1000.0";"0.0";"0.0";"0.0";"no";
"13651200";"0000-06-07 00:00";"1000.0";"0.0";"0.0";"0.0";"no";
"13737600";"0000-06-08 00:00";"1000.0";"0.0";"0.0";"0.0";"no";
"13824000";"0000-06-09 00:00";"1000.0";"0.0";"0.0";"0.0";"no";
"13910400";"0000-06-10 00:00";"1000.0";"0.0";"0.0";"0.0";"no";
"13996800";"0000-06-11 00:00";"1000.0";"0.0";"0.0";"0.0";"no";
"14083200";"0000-06-12 00:00";"1000.0";"0.0";"0.0";"0.0";"no";
"14169600";"0000-06-13 00:00";"1000.0";"0.0";"0.0";"0.0";"no";
"14256000";"0000-06-14 00:00";"1000.0";"0.0";"0.0";"0.0";"no";
"14342400";"0000-06-15 00:00";"1000.0";"0.0";"0.0";"0.0";"no";
"14428800";"0000-06-16 00:00";"1000.0";"0.0";"0.0";"0.0";"no";
"14515200";"0000-06-17 00:00";"1000.0";"0.0";"0.0";"0.0";"no";
"14601600";"0000-06-18 00:00";"1000.0";"0.0";"0.0";"0.0";"no";
"14688000";"0000-06-19 00:00";"1000.0";"0.0";"0.0";"0.0";"no";
"14774400";"0000-06-20 00:00";"1000.0";"0.0";"0.0";"0.0";"no";
"14860800";"0000-06-21 00:00";"1000.0";"0.0";"0.0";"0.0";"no";
"14947200";"0000-06-22 00:00";"1000.0";"0.0";"0.0";"0.0";"no";
"15033600";"0000-06-23 00:00";"1000.0";"0.0";"0.0";"0.0";"no";
"15120000";"0000-06-24 00:00";"1000.0";"0.0";"0.0";"0.0";"no";
"15206400";"0000-06-25 00:00";"1000.0";"0.0";"0.0";"0.0";"no";
"15292800";"0000-06-26 00:00";"1000.0";"0.0";"0.0";"0.0";"no";
"15379200";"0000-06-27 00:00";"1000.0";"0.0";"0.0";"0.0";"no";
"15465600";"0000-06-28 00:00";"1000.0";"0.0";"0.0";"0.0";"no";
"15552000";"0000-06-29 00:00";"1000.0";"0.0";"0.0";"0.0";"no";
"15638400";"0000-06-30 00:00";"1000.0";"0.0";"0.0";"0.0";"no";
"15724800";"0000-07-01 00:00";"1000.0";"0.0";"0.0";"0.0";"no";
"15811200";"0000-07-02 00:00";"1000.0";"0.0";"0.0";"0.0";"no";
"15897600";"0000-07-03 00:00";"1000.0";"0.0";"0.0";"0.0";"no";
"15984000";"0000-07-04 00:00";"1000.0";"0.0";"0.0";"0.0";"no";
"16070400";"0000-07-05 00:00";"1000.0";"0.0";"0.0";"0.0";"no";
"16156800";"0000-07-06 00:00";"1000.0";"0.0";"0.0";"0.0";"no";
"16243200";"0000-07-07 00:00";"1000.0";"0.0";"0.0";"0.0";"no";
"16329600";"0000-07-08 00:00";"1000.0";"0.0";"0.0";"0.0";"no";
"16416000";"0000-07-09 00:00";"1000.0";"0.0";"0.0";"0.0";"no";
"16502400";"0000-07-10 00:00";"1000.0";"0.0";"0.0";"0.0";"no";
"16588800";"0000-07-11 00:00";"1000.0";"0.0";"0.0";"0.0";"no";
"16675200";"0000-07-12 00:00";"1000.0";"0.0";"0.0";"0.0";"no";
"16761600";"0000-07-13 00:00";"1000.0";"0.0";"0.0";"0.0";"no";
"16848000";"0000-07-14 00:00";"1000.0";"0.0";"0.0";"0.0";"no";
"16934400";"0000-07-15 00:00";"1000.0";"0.0";"0.0";"0.0";"no";
"17020800";"0000-07-16 00:00";"1000.0";"0.0";"0.0";"0.0";"no";
"17107200";"0000-07-17 00:00";"1000.0";"0.0";"0.0";"0.0";"no";
"17193600";"0000-07-18 00:00";"1000.0";"0.0";"0.0";"0.0";"no";
"17280000";"0000-07-19 00:00";"1000.0";"0.0";"0.0";"0.0";"no";
"17366400";"0000-07-20 00:00";"1000.0";"0.0";"0.0";"0.0";"no";
"17452800";"0000-07-21 00:00";"1000.0";"0.0";"0.0";"0.0";"no";
"17539200";"0000-07-22 00:00";"1000.0";"0.0";"0.0";"0.0";"no";
"17625600";"0000-07-23 00:00";"1000.0";"0.0";"0.0";"0.0";"no";
"17712000";"0000-07-24 00:00";"1000.0";"0.0";"0.0";"0.0";"no";
"17798400";"0000-07-25 00:00";"1000.0";"0.0";"0.0";"0.0";"no";
"17884800";"0000-07-26 00:00";"1000.0";"0.0";"0.0";"0.0";"no";
"17971200";"0000-07-27 00:00";"1000.0";"0.0";"0.0";"0.0";"no";
"18057600";"0000-07-28 00:00";"1000.0";"0.0";"0.0";"0.0";"no";
"18144000";"0000-07-29 00:00";"1000.0";"0.0";"0.0";"0.0";"no";
"18230400";"0000-07-30 00:00";"1000.0";"0.0";"0.0";"0.0";"no";
"18316800";"0000-07-31 00:00";"1000.0";"0.0";"0.0";"0.0";"no";
"18403200";"0000-08-01 00:00";"1000.0";"0.0";"0.0";"0.0";"no";
"18489600";"0000-08-02 00:00";"1000.0";"0.0";"0.0";"0.0";"no";
"18576000";"0000-08-03 00:00";"1000.0";"0.0";"0.0";"0.0";"no";
"18662400";"0000-08-04 00:00";"1000.0";"0.0";"0.0";"0.0";"no";
"18748800";"0000-08-05 00:00";"1000.0";"0.0";"0.0";"0.0";"no";
"18835200";"0000-08-06 00:00";"1000.0";"0.0";"0.0";"0.0";"no";
"18921600";"0000-08-07 00:00";"1000.0";"0.0";"0.0";"0.0";"no";
"19008000";"0000-08-08 00:00";"1000.0";"0.0";"0.0";"0.0";"no";
"19094400";"0000-08-09 00:00";"1000.0";"0.0";"0.0";"0.0";"no";
"19180800";"0000-08-10 00:00";"1000.0";"0.0";"0.0";"0.0";"no";
"19267200";"0000-08-11 00:00";"1000.0";"0.0";"0.0";"0.0";"no";
"19353600";"0000-08-12 00:00";"1000.0";"0.0";"0.0";"0.0";"no";
"19440000";"0000-08-13 00:00";"1000.0";"0.0";"0.0";"0.0";"no";
"19526400";"0000-08-14 00:00";"1000.0";"0.0";"0.0";"0.0";"no";
"19612800";"0000-08-15 00:00";"1000.0";"0.0";"0.0";"0.0";"no";
"19699200";"0000-08-16 00:00";"1000.0";"0.0";"0.0";"0.0";"no";
"19785600";"0000-08-17 00:00";"1000.0";"0.0";"0.0";"0.0";"no";
"19872000";"0000-08-18 00:00";"1000.0";"0.0";"0.0";"0.0";"no";
"19958400";"0000-08-19 00:00";"1000.0";"0.0";"0.0";"0.0";"no";
"20044800";"0000-08-20 00:00";"1000.0";"0.0";"0.0";"0.0";"no";
"20131200";"0000-08-21 00:00";"1000.0";"0.0";"0.0";"0.0";"no";
"20217600";"0000-08-22 00:00";"1000.0";"0.0";"0.0";"0.0";"no";
"20304000";"0000-08-23 00:00";"1000.0";"0.0";"0.0";"0.0";"no";
"20390400";"0000-08-24 00:00";"1000.0";"0.0";"0.0";"0.0";"no";
"20476800";"0000-08-25 00:00";"1000.0";"0.0";"0.0";"0.0";"no";
"20563200";"0000-08-26 00:00";"1000.0";"0.0";"0.0";"0.0";"no";
"20649600";"0000-08-27 00:00";"1000.0";"0.0";"0.0";"0.0";"no";
"20736000";"0000-08-28 00:00";"1000.0";"0.0";"0.0";"0.0";"no";
"20822400";"0000-08-29 00:00";"1000.0";"0.0";"0.0";"0.0";"no";
"20908800";"0000-08-30 00:00";"1000.0";"0.0";"0.0";"0.0";"no";
"20995200";"0000-08-31 00:00";"1000.0";"0.0";"0.0";"0.0";"no";
"21081600";"0000-09-01 00:00";"1000.0";"0.0";"0.0";"0.0";"no";
"21168000";"0000-09-02 00:00";"1000.0";"0.0";"0.0";"0.0";"no";
"21254400";"0000-09-03 00:00";"1000.0";"0.0";"0.0";"0.0";"no";
"21340800";"0000-09-04 00:00";"1000.0";"0.0";"0.0";"0.0";"no";
"21427200";"0000-09-05 00:00";"1000.0";"0.0";"0.0";"0.0";"no";
"21513600";"0000-09-06 00:00";"1000.0";"0.0";"0.0";"0.0";"no";
"21600000";"0000-09-07 00:00";"1000.0";"0.0";"0.0";"0.0";"no";
"21686400";"0000-09-08 00:00";"1000.0";"0.0";"0.0";"0.0";"no";
"21772800";"0000-09-09 00:00";"1000.0";"0.0";"0.0";"0.0";"no";
"21859200";"0000-09-10 00:00";"1000.0";"0.0";"0.0";"0.0";"no";
"21945600";"0000-09-11 00:00";"1000.0";"0.0";"0.0";"0.0";"no";
"22032000";"0000-09-12 00:00";"1000.0";"0.0";"0.0";"0.0";"no";
"22118400";"0000-09-13 00:00";"1000.0";"0.0";"0.0";"0.0";"no";
"22204800";"0000-09-14 00:00";"1000.0";"0.0";"0.0";"0.0";"no";
"22291200";"0000-09-15 00:00";"1000.0";"0.0";"0.0";"0.0";"no";
"22377600";"0000-09-16 00:00";"1000.0";"0.0";"0.0";"0.0";"no";
"22464000";"0000-09-17 00:00";"1000.0";"0.0";"0.0";"0.0";"no";
"22550400";"0000-09-18 00:00";"1000.0";"0.0";"0.0";"0.0";"no";
"22636800";"0000-09-19 00:00";"1000.0";"0.0";"0.0";"0.0";"no";
"22723200";"0000-09-20 00:00";"1000.0";"0.0";"0.0";"0.0";"no";
"22809600";"0000-09-21 00:00";"1000.0";"0.0";"0.0";"0.0";"no";
"22896000";"0000-09-22 00:00";"1000.0";"0.0";"0.0";"0.0";"no";
"22982400";"0000-09-23 00:00";"1000.0";"0.0";"0.0";"0.0";"no";
"23068800";"0000-09-24 00:00";"1000.0";"0.0";"0.0";"0.0";"no";
"23155200";"0000-09-25 00:00";"1000.0";"0.0";"0.0";"0.0";"no";
"23241600";"0000-09-26 00:00";"1000.0";"0.0";"0.0";"0.0";"no";
"23328000";"0000-09-27 00:00";"1000.0";"0.0";"0.0";"0.0";"no";
"23414400";"0000-09-28 00:00";"1000.0";"0.0";"0.0";"0.0";"no";
"23500800";"0000-09-29 00:00";"1000.0";"0.0";"0.0";"0.0";"no";
"23587200";"0000-09-30 00:00";"1000.0";"0.0";"0.0";"0.0";"no";
"23673600";"0000-10-01 00:00";"1000.0";"0.0";"0.0";"0.0";"no";
"23760000";"0000-10-02 00:00";"1000.0";"0.0";"0.0";"0.0";"no";
"23846400";"0000-10-03 00:00";"1000.0";"0.0";"0.0";"0.0";"no";
"23932800";"0000-10-04 00:00";"1000.0";"0.0";"0.0";"0.0";"no";
"24019200";"0000-10-05 00:00";"1000.0";"0.0";"0.0";"0.0";"no";
"24105600";"0000-10-06 00:00";"1000.0";"0.0";"0.0";"0.0";"no";
"24192000";"0000-10-07 00:00";"1000.0";"0.0";"0.0";"0.0";"no";
"24278400";"0000-10-08 00:00";"1000.0";"0.0";"0.0";"0.0";"no";
"24364800";"0000-10-09 00:00";"1000.0";"0.0";"0.0";"0.0";"no";
"24451200";"0000-10-10 00:00";"1000.0";"0.0";"0.0";"0.0";"no";
"24537600";"0000-10-11 00:00";"1000.0";"0.0";"0.0";"0.0";"no";
"24624000";"0000-10-12 00:00";"1000.0";"0.0";"0.0";"0.0";"no";
"24710400";"0000-10-13 00:00";"1000.0";"0.0";"0.0";"0.0";"no";
"24796800";"0000-10-14 00:00";"1000.0";"0.0";"0.0";"0.0";"no";
"24883200";"0000-10-15 00:00";"1000.0";"0.0";"0.0";"0.0";"no";
"24969600";"0000-10-16 00:00";"1000.0";"0.0";"0.0";"0.0";"no";
"25056000";"0000-10-17 00:00";"1000.0";"0.0";"0.0";"0.0";"no";
"25142400";"0000-10-18 00:00";"1000.0";"0.0";"0.0";"0.0";"no";
"25228800";"0000-10-19 00:00";"1000.0";"0.0";"0.0";"0.0";"no";
"25315200";"0000-10-20 00:00";"1000.0";"0.0";"0.0";"0.0";"no";
"25401600";"0000-10-21 00:00";"1000.0";"0.0";"0.0";"0.0";"no";
"25488000";"0000-10-22 00:00";"1000.0";"0.0";"0.0";"0.0";"no";
"25574400";"0000-10-23 00:00";"1000.0";"0.0";"0.0";"0.0";"no";
"25660800";"0000-10-24 00:00";"1000.0";"0.0";"0.0";"0.0";"no";
"25747200";"0000-10-25 00:00";"1000.0";"0.0";"0.0";"0.0";"no";
"25833600";"0000-10-26 00:00";"1000.0";"0.0";"0.0";"0.0";"no";
"25920000";"0000-10-27 00:00";"1000.0";"0.0";"0.0";"0.0";"no";
"26006400";"0000-10-28 00:00";"1000.0";"0.0";"0.0";"0.0";"no";
"26092800";"0000-10-29 00:00";"1000.0";"0.0";"0.0";"0.0";"no";
"26179200";"0000-10-30 00:00";"1000.0";"0.0";"0.0";"0.0";"no";
"26265600";"0000-10-31 00:00";"1000.0";"0.0";"0.0";"0.0";"no";
"26352000";"0000-11-01 00:00";"1000.0";"0.0";"0.0";"0.0";"no";
"26438400";"0000-11-02 00:00";"1000.0";"0.0";"0.0";"0.0";"no";
"26524800";"0000-11-03 00:00";"1000.0";"0.0";"0.0";"0.0";"no";
"26611200";"0000-11-04 00:00";"1000.0";"0.0";"0.0";"0.0";"no";
"26697600";"0000-11-05 00:00";"1000.0";"0.0";"0.0";"0.0";"no";
"26784000";"0000-11-06 00:00";"1000.0";"0.0";"0.0";"0.0";"no";
"26870400";"0000-11-07 00:00";"1000.0";"0.0";"0.0";"0.0";"no";
"26956800";"0000-11-08 00:00";"1000.0";"0.0";"0.0";"0.0";"no";
"27043200";"0000-11-09 00:00";"1000.0";"0.0";"0.0";"0.0";"no";
"27129600";"0000-11-10 00:00";"1000.0";"0.0";"0.0";"0.0";"no";
"27216000";"0000-11-11 00:00";"1000.0";"0.0";"0.0";"0.0";"no";
"27302400";"0000-11-12 00:00";"1000.0";"0.0";"0.0";"0.0";"no";
"27388800";"0000-11-13 00:00";"1000.0";"0.0";"0.0";"0.0";"no";
"27475200";"0000-11-14 00:00";"1000.0";"0.0";"0.0";"0.0";"no";
"27561600";"0000-11-15 00:00";"1000.0";"0.0";"0.0";"0.0";"no";
"27648000";"0000-11-16 00:00";"1000.0";"0.0";"0.0";"0.0";"no";
"27734400";"0000-11-17 00:00";"1000.0";"0.0";"0.0";"0.0";"no";
"27820800";"0000-11-18 00:00";"1000.0";"0.0";"0.0";"0.0";"no";
"27907200";"0000-11-19 00:00";"1000.0";"0.0";"0.0";"0.0";"no";
"27993600";"0000-11-20 00:00";"1000.0";"0.0";"0.0";"0.0";"no";
"28080000";"0000-11-21 00:00";"1000.0";"0.0";"0.0";"0.0";"no";
"28166400";"0000-11-22 00:00";"1000.0";"0.0";"0.0";"0.0";"no";
"28252800";"0000-11-23 00:00";"1000.0";"0.0";"0.0";"0.0";"no";
"28339200";"0000-11-24 00:00";"1000.0";"0.0";"0.0";"0.0";"no";
"28425600";"0000-11-25 00:00";"1000.0";"0.0";"0.0";"0.0";"no";
"28512000";"0000-11-26 00:00";"1000.0";"0.0";"0.0";"0.0";"no";
"28598400";"0000-11-27 00:00";"1000.0";"0.0";"0.0";"0.0";"no";
"28684800";"0000-11-28 00:00";"1000.0";"0.0";"0.0";"0.0";"no";
"28771200";"0000-11-29 00:00";"1000.0";"0.0";"0.0";"0.0";"no";
"28857600";"0000-11-30 00:00";"1000.0";"0.0";"0.0";"0.0";"no";
"28944000";"0000-12-01 00:00";"1000.0";"0.0";"0.0";"0.0";"no";
"29030400";"0000-12-02 00:00";"1000.0";"0.0";"0.0";"0.0";"no";
"29116800";"0000-12-03 00:00";"1000.0";"0.0";"0.0";"0.0";"no";
"29203200";"0000-12-04 00:00";"1000.0";"0.0";"0.0";"0.0";"no";
"29289600";"0000-12-05 00:00";"1000.0";"0.0";"0.0";"0.0";"no";
"29376000";"0000-12-06 00:00";"1000.0";"0.0";"0.0";"0.0";"no";
"29462400";"0000-12-07 00:00";"1000.0";"0.0";"0.0";"0.0";"no";
"29548800";"0000-12-08 00:00";"1000.0";"0.0";"0.0";"0.0";"no";
"29635200";"0000-12-09 00:00";"1000.0";"0.0";"0.0";"0.0";"no";
"29721600";"0000-12-10 00:00";"1000.0";"0.0";"0.0";"0.0";"no";
"29808000";"0000-12-11 00:00";"1000.0";"0.0";"0.0";"0.0";"no";
"29894400";"0000-12-12 00:00";"1000.0";"0.0";"0.0";"0.0";"no";
"29980800";"0000-12-13 00:00";"1000.0";"0.0";"0.0";"0.0";"no";
"30067200";"0000-12-14 00:00";"1000.0";"0.0";"0.0";"0.0";"no";
"30153600";"0000-12-15 00:00";"1000.0";"0.0";"0.0";"0.0";"no";
"30240000";"0000-12-16 00:00";"1000.0";"0.0";"0.0";"0.0";"no";
"30326400";"0000-12-17 00:00";"1000.0";"0.0";"0.0";"0.0";"no";
"30412800";"0000-12-18 00:00";"1000.0";"0.0";"0.0";"0.0";"no";
"30499200";"0000-12-19 00:00";"1000.0";"0.0";"0.0";"0.0";"no";
"30585600";"0000-12-20 00:00";"1000.0";"0.0";"0.0";"0.0";"no";
"30672000";"0000-12-21 00:00";"1000.0";"0.0";"0.0";"0.0";"no";
"30758400";"0000-12-22 00:00";"1000.0";"0.0";"0.0";"0.0";"no";
"30844800";"0000-12-23 00:00";"1000.0";"0.0";"0.0";"0.0";"no";
"30931200";"0000-12-24 00:00";"1000.0";"0.0";"0.0";"0.0";"no";
"31017600";"0000-12-25 00:00";"1000.0";"0.0";"0.0";"0.0";"no";
"31104000";"0000-12-26 00:00";"1000.0";"0.0";"0.0";"0.0";"no";
"31190400";"0000-12-27 00:00";"1000.0";"0.0";"0.0";"0.0";"no";
"31276800";"0000-12-28 00:00";"1000.0";"0.0";"0.0";"0.0";"no";
"31363200";"0000-12-29 00:00";"1000.0";"0.0";"0.0";"0.0";"no";
"31449600";"0000-12-30 00:00";"1000.0";"0.0";"0.0";"0.0";"no";
"31536000";"0000-12-31 00:00";"1000.0";"0.0";"0.0";"0.0";"no";
"31622400";"0001-01-01 00:00";"1000.0";"0.0";"0.0";"0.0";"no";
